// Jest Snapshot v1, https://goo.gl/fbAQLP

exports[`CancelButton should render successfully 1`] = `
<button
  class="jsx-2282515019 button is-dark is-outlined"
>
  Cancel
</button>
`;
